  Building 'KMDF_part' with toolset 'WindowsKernelModeDriver10.0' and the 'Universal' target platform.
  Stamping x64\Debug\KMDF_part.inf
  Stamping [Version] section with DriverVer=09/09/2026,21.32.3.816
  main.c
  KMDF_part.vcxproj -> C:\Users\rujni\Repos\xpn3aht3ma\x64\Debug\KMDF_part.sys
  Done Adding Additional Store
  Successfully signed: C:\Users\rujni\Repos\xpn3aht3ma\x64\Debug\KMDF_part.sys
  
  Driver is 'Universal'.
  ........................
  Signability test complete.
  
  Errors:
  None
  
  Warnings:
  None
  
  Catalog generation complete.
  C:\Users\rujni\Repos\xpn3aht3ma\x64\Debug\KMDF_part\kmdf_part.cat
  Set catalog attribute.
  WdkVersion: 10.0.28000.0
  Set catalog attribute.
  WdkAssemblyVersion: 10.0.28000.2526
  Done Adding Additional Store
  Successfully signed: C:\Users\rujni\Repos\xpn3aht3ma\x64\Debug\KMDF_part\kmdf_part.cat
  
